102.42.94.28 - - [07/Nov/2024:05:15:44 -0600] "GET /annotation_app/ HTTP/1.1" 500 644 "https://www.upwork.com/" "Mozilla/5.0 (Windows NT 10.0; Win64; x64) AppleWebKit/537.36 (KHTML, like Gecko) Chrome/130.0.0.0 Safari/537.36 Edg/130.0.0.0"
102.42.94.28 - - [07/Nov/2024:05:16:02 -0600] "-" 408 323 "-" "-"
102.42.94.28 - - [07/Nov/2024:05:16:04 -0600] "-" 408 323 "-" "-"
102.42.94.28 - - [07/Nov/2024:05:20:22 -0600] "GET /annotation_app/ HTTP/1.1" 200 3466 "https://www.upwork.com/" "Mozilla/5.0 (Windows NT 10.0; Win64; x64) AppleWebKit/537.36 (KHTML, like Gecko) Chrome/130.0.0.0 Safari/537.36 Edg/130.0.0.0"
102.42.94.28 - - [07/Nov/2024:05:20:23 -0600] "GET /annotation_app/static/media/SourceSansPro-Regular.0d69e5ff5e92ac64a0c9.woff2 HTTP/1.1" 200 78317 "https://www.balldatalab.org/annotation_app/" "Mozilla/5.0 (Windows NT 10.0; Win64; x64) AppleWebKit/537.36 (KHTML, like Gecko) Chrome/130.0.0.0 Safari/537.36 Edg/130.0.0.0"
102.42.94.28 - - [07/Nov/2024:05:20:23 -0600] "GET /annotation_app/static/media/SourceSansPro-SemiBold.abed79cd0df1827e18cf.woff2 HTTP/1.1" 200 80699 "https://www.balldatalab.org/annotation_app/" "Mozilla/5.0 (Windows NT 10.0; Win64; x64) AppleWebKit/537.36 (KHTML, like Gecko) Chrome/130.0.0.0 Safari/537.36 Edg/130.0.0.0"
102.42.94.28 - - [07/Nov/2024:05:20:23 -0600] "GET /annotation_app/static/css/main.a1bc16b2.css HTTP/1.1" 200 7953 "https://www.balldatalab.org/annotation_app/" "Mozilla/5.0 (Windows NT 10.0; Win64; x64) AppleWebKit/537.36 (KHTML, like Gecko) Chrome/130.0.0.0 Safari/537.36 Edg/130.0.0.0"
102.42.94.28 - - [07/Nov/2024:05:20:23 -0600] "GET /annotation_app/static/media/SourceSansPro-Bold.118dea98980e20a81ced.woff2 HTTP/1.1" 200 77859 "https://www.balldatalab.org/annotation_app/" "Mozilla/5.0 (Windows NT 10.0; Win64; x64) AppleWebKit/537.36 (KHTML, like Gecko) Chrome/130.0.0.0 Safari/537.36 Edg/130.0.0.0"
102.42.94.28 - - [07/Nov/2024:05:20:23 -0600] "GET /annotation_app/static/js/main.754d974e.js HTTP/1.1" 200 1034658 "https://www.balldatalab.org/annotation_app/" "Mozilla/5.0 (Windows NT 10.0; Win64; x64) AppleWebKit/537.36 (KHTML, like Gecko) Chrome/130.0.0.0 Safari/537.36 Edg/130.0.0.0"
102.42.94.28 - - [07/Nov/2024:05:20:33 -0600] "GET /annotation_app/_stcore/health HTTP/1.1" 200 353 "https://www.balldatalab.org/annotation_app/" "Mozilla/5.0 (Windows NT 10.0; Win64; x64) AppleWebKit/537.36 (KHTML, like Gecko) Chrome/130.0.0.0 Safari/537.36 Edg/130.0.0.0"
102.42.94.28 - - [07/Nov/2024:05:20:33 -0600] "GET /annotation_app/_stcore/host-config HTTP/1.1" 200 1014 "https://www.balldatalab.org/annotation_app/" "Mozilla/5.0 (Windows NT 10.0; Win64; x64) AppleWebKit/537.36 (KHTML, like Gecko) Chrome/130.0.0.0 Safari/537.36 Edg/130.0.0.0"
102.42.94.28 - - [07/Nov/2024:05:20:33 -0600] "GET /annotation_app/favicon.png HTTP/1.1" 200 1708 "https://www.balldatalab.org/annotation_app/" "Mozilla/5.0 (Windows NT 10.0; Win64; x64) AppleWebKit/537.36 (KHTML, like Gecko) Chrome/130.0.0.0 Safari/537.36 Edg/130.0.0.0"
102.42.94.28 - - [07/Nov/2024:05:20:35 -0600] "GET /annotation_app/static/js/8648.92079acf.chunk.js HTTP/1.1" 200 6420 "https://www.balldatalab.org/annotation_app/" "Mozilla/5.0 (Windows NT 10.0; Win64; x64) AppleWebKit/537.36 (KHTML, like Gecko) Chrome/130.0.0.0 Safari/537.36 Edg/130.0.0.0"
102.42.94.28 - - [07/Nov/2024:05:20:35 -0600] "GET /annotation_app/static/js/1260.f4b7cd39.chunk.js HTTP/1.1" 200 4776 "https://www.balldatalab.org/annotation_app/" "Mozilla/5.0 (Windows NT 10.0; Win64; x64) AppleWebKit/537.36 (KHTML, like Gecko) Chrome/130.0.0.0 Safari/537.36 Edg/130.0.0.0"
102.42.94.28 - - [07/Nov/2024:05:20:35 -0600] "GET /annotation_app/static/js/84.414fa87b.chunk.js HTTP/1.1" 200 1169 "https://www.balldatalab.org/annotation_app/" "Mozilla/5.0 (Windows NT 10.0; Win64; x64) AppleWebKit/537.36 (KHTML, like Gecko) Chrome/130.0.0.0 Safari/537.36 Edg/130.0.0.0"
40.77.167.70 - - [07/Nov/2024:05:21:32 -0600] "GET / HTTP/1.1" 200 5117 "-" "Mozilla/5.0 AppleWebKit/537.36 (KHTML, like Gecko; compatible; bingbot/2.0; +http://www.bing.com/bingbot.htm) Chrome/116.0.1938.76 Safari/537.36"
52.225.75.218 - - [07/Nov/2024:05:21:36 -0600] "GET /annotation_app/ HTTP/1.1" 200 3388 "-" "Mozilla/5.0 AppleWebKit/537.36 (KHTML, like Gecko); compatible; ChatGPT-User/1.0; +https://openai.com/bot"
52.225.75.221 - - [07/Nov/2024:05:21:38 -0600] "GET / HTTP/1.1" 200 5010 "-" "Mozilla/5.0 AppleWebKit/537.36 (KHTML, like Gecko); compatible; ChatGPT-User/1.0; +https://openai.com/bot"
102.42.94.28 - - [07/Nov/2024:05:21:48 -0600] "-" 408 323 "-" "-"
102.42.94.28 - - [07/Nov/2024:05:21:48 -0600] "-" 408 323 "-" "-"
40.77.167.70 - - [07/Nov/2024:05:22:31 -0600] "GET /research HTTP/1.1" 404 3062 "-" "Mozilla/5.0 AppleWebKit/537.36 (KHTML, like Gecko; compatible; bingbot/2.0; +http://www.bing.com/bingbot.htm) Chrome/116.0.1938.76 Safari/537.36"
40.77.167.70 - - [07/Nov/2024:05:22:32 -0600] "GET /tools HTTP/1.1" 404 385 "-" "Mozilla/5.0 AppleWebKit/537.36 (KHTML, like Gecko; compatible; bingbot/2.0; +http://www.bing.com/bingbot.htm) Chrome/116.0.1938.76 Safari/537.36"
157.55.39.10 - - [07/Nov/2024:05:22:36 -0600] "GET /about/team HTTP/1.1" 404 3062 "-" "Mozilla/5.0 AppleWebKit/537.36 (KHTML, like Gecko; compatible; bingbot/2.0; +http://www.bing.com/bingbot.htm) Chrome/116.0.1938.76 Safari/537.36"
157.55.39.10 - - [07/Nov/2024:05:22:36 -0600] "GET /analytics/team HTTP/1.1" 404 385 "-" "Mozilla/5.0 AppleWebKit/537.36 (KHTML, like Gecko; compatible; bingbot/2.0; +http://www.bing.com/bingbot.htm) Chrome/116.0.1938.76 Safari/537.36"
157.55.39.10 - - [07/Nov/2024:05:22:37 -0600] "GET /tools/visualizer HTTP/1.1" 404 385 "-" "Mozilla/5.0 AppleWebKit/537.36 (KHTML, like Gecko; compatible; bingbot/2.0; +http://www.bing.com/bingbot.htm) Chrome/116.0.1938.76 Safari/537.36"
52.167.144.199 - - [07/Nov/2024:05:22:45 -0600] "GET /tools/calculator HTTP/1.1" 404 3062 "-" "Mozilla/5.0 AppleWebKit/537.36 (KHTML, like Gecko; compatible; bingbot/2.0; +http://www.bing.com/bingbot.htm) Chrome/116.0.1938.76 Safari/537.36"
52.167.144.199 - - [07/Nov/2024:05:22:45 -0600] "GET /scouting HTTP/1.1" 404 385 "-" "Mozilla/5.0 AppleWebKit/537.36 (KHTML, like Gecko; compatible; bingbot/2.0; +http://www.bing.com/bingbot.htm) Chrome/116.0.1938.76 Safari/537.36"
52.167.144.199 - - [07/Nov/2024:05:22:46 -0600] "GET /analytics/player HTTP/1.1" 404 385 "-" "Mozilla/5.0 AppleWebKit/537.36 (KHTML, like Gecko; compatible; bingbot/2.0; +http://www.bing.com/bingbot.htm) Chrome/116.0.1938.76 Safari/537.36"
157.55.39.10 - - [07/Nov/2024:05:22:55 -0600] "GET /tools/visualizer HTTP/1.1" 404 3063 "-" "Mozilla/5.0 AppleWebKit/537.36 (KHTML, like Gecko; compatible; bingbot/2.0; +http://www.bing.com/bingbot.htm) Chrome/116.0.1938.76 Safari/537.36"
157.55.39.10 - - [07/Nov/2024:05:22:55 -0600] "GET /analytics/team HTTP/1.1" 404 385 "-" "Mozilla/5.0 AppleWebKit/537.36 (KHTML, like Gecko; compatible; bingbot/2.0; +http://www.bing.com/bingbot.htm) Chrome/116.0.1938.76 Safari/537.36"
52.89.103.56 - - [07/Nov/2024:05:22:56 -0600] "HEAD /annotation_app/ HTTP/1.1" 200 2937 "-" "Mozilla/5.0 (Macintosh; Intel Mac OS X 10_10_2) AppleWebKit/600.3.18 (KHTML, like Gecko) Version/8.0.3 Safari/600.3.18"
52.89.103.56 - - [07/Nov/2024:05:22:56 -0600] "GET /annotation_app/ HTTP/1.1" 200 3828 "-" "Mozilla/5.0 (compatible; DashLinkPreviews/5.1;)"
52.89.103.56 - - [07/Nov/2024:05:22:56 -0600] "GET /annotation_app/ HTTP/1.1" 200 1198 "-" "Mozilla/5.0 (compatible; DashLinkPreviews/5.1;)"
40.77.167.70 - - [07/Nov/2024:05:23:01 -0600] "GET /tools HTTP/1.1" 404 3061 "-" "Mozilla/5.0 AppleWebKit/537.36 (KHTML, like Gecko; compatible; bingbot/2.0; +http://www.bing.com/bingbot.htm) Chrome/116.0.1938.76 Safari/537.36"
40.77.167.70 - - [07/Nov/2024:05:23:02 -0600] "GET /research HTTP/1.1" 404 385 "-" "Mozilla/5.0 AppleWebKit/537.36 (KHTML, like Gecko; compatible; bingbot/2.0; +http://www.bing.com/bingbot.htm) Chrome/116.0.1938.76 Safari/537.36"
52.167.144.199 - - [07/Nov/2024:05:23:05 -0600] "GET /scouting HTTP/1.1" 404 3062 "-" "Mozilla/5.0 AppleWebKit/537.36 (KHTML, like Gecko; compatible; bingbot/2.0; +http://www.bing.com/bingbot.htm) Chrome/116.0.1938.76 Safari/537.36"
52.167.144.199 - - [07/Nov/2024:05:23:05 -0600] "GET /tools/calculator HTTP/1.1" 404 385 "-" "Mozilla/5.0 AppleWebKit/537.36 (KHTML, like Gecko; compatible; bingbot/2.0; +http://www.bing.com/bingbot.htm) Chrome/116.0.1938.76 Safari/537.36"
52.167.144.199 - - [07/Nov/2024:05:23:15 -0600] "GET /about/contact HTTP/1.1" 404 3062 "-" "Mozilla/5.0 AppleWebKit/537.36 (KHTML, like Gecko; compatible; bingbot/2.0; +http://www.bing.com/bingbot.htm) Chrome/116.0.1938.76 Safari/537.36"
157.55.39.10 - - [07/Nov/2024:05:23:19 -0600] "GET /about/team HTTP/1.1" 404 3063 "-" "Mozilla/5.0 AppleWebKit/537.36 (KHTML, like Gecko; compatible; bingbot/2.0; +http://www.bing.com/bingbot.htm) Chrome/116.0.1938.76 Safari/537.36"
102.42.94.28 - - [07/Nov/2024:05:23:22 -0600] "-" 408 323 "-" "-"
102.42.94.28 - - [07/Nov/2024:05:23:22 -0600] "-" 408 323 "-" "-"
52.167.144.199 - - [07/Nov/2024:05:23:46 -0600] "GET /analytics/player HTTP/1.1" 404 3061 "-" "Mozilla/5.0 AppleWebKit/537.36 (KHTML, like Gecko; compatible; bingbot/2.0; +http://www.bing.com/bingbot.htm) Chrome/116.0.1938.76 Safari/537.36"
52.167.144.199 - - [07/Nov/2024:05:23:47 -0600] "GET /about/contact HTTP/1.1" 404 385 "-" "Mozilla/5.0 AppleWebKit/537.36 (KHTML, like Gecko; compatible; bingbot/2.0; +http://www.bing.com/bingbot.htm) Chrome/116.0.1938.76 Safari/537.36"
102.42.94.28 - - [07/Nov/2024:05:24:02 -0600] "GET /annotation_app/ HTTP/1.1" 304 608 "https://www.upwork.com/" "Mozilla/5.0 (Windows NT 10.0; Win64; x64) AppleWebKit/537.36 (KHTML, like Gecko) Chrome/130.0.0.0 Safari/537.36 Edg/130.0.0.0"
102.42.94.28 - - [07/Nov/2024:05:20:33 -0600] "GET /annotation_app/_stcore/stream HTTP/1.1" 101 11171 "-" "Mozilla/5.0 (Windows NT 10.0; Win64; x64) AppleWebKit/537.36 (KHTML, like Gecko) Chrome/130.0.0.0 Safari/537.36 Edg/130.0.0.0"
102.42.94.28 - - [07/Nov/2024:05:24:02 -0600] "GET /annotation_app/_stcore/health HTTP/1.1" 304 302 "https://www.balldatalab.org/annotation_app/" "Mozilla/5.0 (Windows NT 10.0; Win64; x64) AppleWebKit/537.36 (KHTML, like Gecko) Chrome/130.0.0.0 Safari/537.36 Edg/130.0.0.0"
102.42.94.28 - - [07/Nov/2024:05:24:02 -0600] "GET /annotation_app/_stcore/host-config HTTP/1.1" 304 626 "https://www.balldatalab.org/annotation_app/" "Mozilla/5.0 (Windows NT 10.0; Win64; x64) AppleWebKit/537.36 (KHTML, like Gecko) Chrome/130.0.0.0 Safari/537.36 Edg/130.0.0.0"
102.42.94.28 - - [07/Nov/2024:05:25:44 -0600] "-" 408 323 "-" "-"
102.42.94.28 - - [07/Nov/2024:05:25:44 -0600] "-" 408 323 "-" "-"
54.203.242.6 - - [07/Nov/2024:05:27:11 -0600] "HEAD /annotation_app/\\](https://www.balldatalab.org/annotation_app/). HTTP/1.1" 200 2938 "-" "Mozilla/5.0 (Macintosh; Intel Mac OS X 10_10_2) AppleWebKit/600.3.18 (KHTML, like Gecko) Version/8.0.3 Safari/600.3.18"
54.203.242.6 - - [07/Nov/2024:05:27:11 -0600] "HEAD /annotation_app/\\ HTTP/1.1" 200 2938 "-" "Mozilla/5.0 (Macintosh; Intel Mac OS X 10_10_2) AppleWebKit/600.3.18 (KHTML, like Gecko) Version/8.0.3 Safari/600.3.18"
54.203.242.6 - - [07/Nov/2024:05:27:11 -0600] "HEAD /annotation_app/ HTTP/1.1" 200 2938 "-" "Mozilla/5.0 (Macintosh; Intel Mac OS X 10_10_2) AppleWebKit/600.3.18 (KHTML, like Gecko) Version/8.0.3 Safari/600.3.18"
102.42.94.28 - - [07/Nov/2024:05:27:30 -0600] "GET /annotation_app/ HTTP/1.1" 200 3445 "-" "Mozilla/5.0 (iPhone; CPU iPhone OS 17_6_1 like Mac OS X) AppleWebKit/605.1.15 (KHTML, like Gecko) Version/17.6 Mobile/15E148 Safari/604.1"
102.42.94.28 - - [07/Nov/2024:05:27:31 -0600] "GET /annotation_app/static/media/SourceSansPro-Regular.0d69e5ff5e92ac64a0c9.woff2 HTTP/1.1" 200 80909 "https://www.balldatalab.org/annotation_app/" "Mozilla/5.0 (iPhone; CPU iPhone OS 17_6_1 like Mac OS X) AppleWebKit/605.1.15 (KHTML, like Gecko) Version/17.6 Mobile/15E148 Safari/604.1"
102.42.94.28 - - [07/Nov/2024:05:27:31 -0600] "GET /annotation_app/static/media/SourceSansPro-SemiBold.abed79cd0df1827e18cf.woff2 HTTP/1.1" 200 80697 "https://www.balldatalab.org/annotation_app/" "Mozilla/5.0 (iPhone; CPU iPhone OS 17_6_1 like Mac OS X) AppleWebKit/605.1.15 (KHTML, like Gecko) Version/17.6 Mobile/15E148 Safari/604.1"
102.42.94.28 - - [07/Nov/2024:05:27:31 -0600] "GET /annotation_app/static/media/SourceSansPro-Bold.118dea98980e20a81ced.woff2 HTTP/1.1" 200 80105 "https://www.balldatalab.org/annotation_app/" "Mozilla/5.0 (iPhone; CPU iPhone OS 17_6_1 like Mac OS X) AppleWebKit/605.1.15 (KHTML, like Gecko) Version/17.6 Mobile/15E148 Safari/604.1"
102.42.94.28 - - [07/Nov/2024:05:27:31 -0600] "GET /annotation_app/static/css/main.a1bc16b2.css HTTP/1.1" 200 7952 "https://www.balldatalab.org/annotation_app/" "Mozilla/5.0 (iPhone; CPU iPhone OS 17_6_1 like Mac OS X) AppleWebKit/605.1.15 (KHTML, like Gecko) Version/17.6 Mobile/15E148 Safari/604.1"
102.42.94.28 - - [07/Nov/2024:05:27:31 -0600] "GET /annotation_app/static/js/main.754d974e.js HTTP/1.1" 200 1036904 "https://www.balldatalab.org/annotation_app/" "Mozilla/5.0 (iPhone; CPU iPhone OS 17_6_1 like Mac OS X) AppleWebKit/605.1.15 (KHTML, like Gecko) Version/17.6 Mobile/15E148 Safari/604.1"
102.42.94.28 - - [07/Nov/2024:05:27:35 -0600] "GET /annotation_app/_stcore/health HTTP/1.1" 200 353 "https://www.balldatalab.org/annotation_app/" "Mozilla/5.0 (iPhone; CPU iPhone OS 17_6_1 like Mac OS X) AppleWebKit/605.1.15 (KHTML, like Gecko) Version/17.6 Mobile/15E148 Safari/604.1"
102.42.94.28 - - [07/Nov/2024:05:27:35 -0600] "GET /annotation_app/_stcore/host-config HTTP/1.1" 200 1014 "https://www.balldatalab.org/annotation_app/" "Mozilla/5.0 (iPhone; CPU iPhone OS 17_6_1 like Mac OS X) AppleWebKit/605.1.15 (KHTML, like Gecko) Version/17.6 Mobile/15E148 Safari/604.1"
102.42.94.28 - - [07/Nov/2024:05:27:36 -0600] "GET /annotation_app/static/js/8648.92079acf.chunk.js HTTP/1.1" 200 6420 "https://www.balldatalab.org/annotation_app/" "Mozilla/5.0 (iPhone; CPU iPhone OS 17_6_1 like Mac OS X) AppleWebKit/605.1.15 (KHTML, like Gecko) Version/17.6 Mobile/15E148 Safari/604.1"
102.42.94.28 - - [07/Nov/2024:05:27:36 -0600] "GET /annotation_app/static/js/1260.f4b7cd39.chunk.js HTTP/1.1" 200 4776 "https://www.balldatalab.org/annotation_app/" "Mozilla/5.0 (iPhone; CPU iPhone OS 17_6_1 like Mac OS X) AppleWebKit/605.1.15 (KHTML, like Gecko) Version/17.6 Mobile/15E148 Safari/604.1"
102.42.94.28 - - [07/Nov/2024:05:27:36 -0600] "GET /annotation_app/static/js/84.414fa87b.chunk.js HTTP/1.1" 200 845 "https://www.balldatalab.org/annotation_app/" "Mozilla/5.0 (iPhone; CPU iPhone OS 17_6_1 like Mac OS X) AppleWebKit/605.1.15 (KHTML, like Gecko) Version/17.6 Mobile/15E148 Safari/604.1"
102.42.94.28 - - [07/Nov/2024:05:27:36 -0600] "GET /annotation_app/_stcore/stream HTTP/1.1" 101 9262 "-" "Mozilla/5.0 (iPhone; CPU iPhone OS 17_6_1 like Mac OS X) AppleWebKit/605.1.15 (KHTML, like Gecko) Version/17.6 Mobile/15E148 Safari/604.1"
51.8.102.241 - - [07/Nov/2024:05:28:56 -0600] "GET /robots.txt HTTP/1.1" 404 2955 "-" "Mozilla/5.0 AppleWebKit/537.36 (KHTML, like Gecko); compatible; OAI-SearchBot/1.0; +https://openai.com/searchbot"
102.42.94.28 - - [07/Nov/2024:05:24:03 -0600] "GET /annotation_app/_stcore/stream HTTP/1.1" 101 15789 "-" "Mozilla/5.0 (Windows NT 10.0; Win64; x64) AppleWebKit/537.36 (KHTML, like Gecko) Chrome/130.0.0.0 Safari/537.36 Edg/130.0.0.0"
102.42.94.28 - - [07/Nov/2024:05:31:43 -0600] "GET /annotation_app/_stcore/host-config HTTP/1.1" 304 2872 "https://www.balldatalab.org/annotation_app/" "Mozilla/5.0 (iPhone; CPU iPhone OS 17_6_1 like Mac OS X) AppleWebKit/605.1.15 (KHTML, like Gecko) Version/17.6 Mobile/15E148 Safari/604.1"
102.42.94.28 - - [07/Nov/2024:05:31:43 -0600] "GET /annotation_app/_stcore/health HTTP/1.1" 304 2873 "https://www.balldatalab.org/annotation_app/" "Mozilla/5.0 (iPhone; CPU iPhone OS 17_6_1 like Mac OS X) AppleWebKit/605.1.15 (KHTML, like Gecko) Version/17.6 Mobile/15E148 Safari/604.1"
102.42.94.28 - - [07/Nov/2024:05:31:44 -0600] "GET /annotation_app/_stcore/stream HTTP/1.1" 101 11077 "-" "Mozilla/5.0 (iPhone; CPU iPhone OS 17_6_1 like Mac OS X) AppleWebKit/605.1.15 (KHTML, like Gecko) Version/17.6 Mobile/15E148 Safari/604.1"
52.167.144.214 - - [07/Nov/2024:05:38:32 -0600] "GET /about HTTP/1.1" 404 3061 "-" "Mozilla/5.0 AppleWebKit/537.36 (KHTML, like Gecko; compatible; bingbot/2.0; +http://www.bing.com/bingbot.htm) Chrome/116.0.1938.76 Safari/537.36"
92.255.57.58 - - [07/Nov/2024:05:40:22 -0600] "GET /actuator/gateway/routes HTTP/1.1" 404 2955 "-" "Mozilla/5.0 (Windows NT 10.0; Win64; x64) AppleWebKit/537.36 (KHTML, like Gecko) Chrome/78.0.3904.108 Safari/537.36"
66.249.79.131 - - [07/Nov/2024:05:57:50 -0600] "GET /admin HTTP/1.1" 308 3086 "-" "Mozilla/5.0 (Linux; Android 6.0.1; Nexus 5X Build/MMB29P) AppleWebKit/537.36 (KHTML, like Gecko) Chrome/130.0.6723.69 Mobile Safari/537.36 (compatible; Googlebot/2.1; +http://www.google.com/bot.html)"
43.128.100.220 - - [07/Nov/2024:06:02:43 -0600] "GET / HTTP/1.1" 301 549 "-" "Mozilla/5.0 (iPhone; CPU iPhone OS 13_2_3 like Mac OS X) AppleWebKit/605.1.15 (KHTML, like Gecko) Version/13.0.3 Mobile/15E148 Safari/604.1"
43.128.100.220 - - [07/Nov/2024:06:02:45 -0600] "GET / HTTP/1.1" 200 5013 "http://www.balldatalab.org" "Mozilla/5.0 (iPhone; CPU iPhone OS 13_2_3 like Mac OS X) AppleWebKit/605.1.15 (KHTML, like Gecko) Version/13.0.3 Mobile/15E148 Safari/604.1"
72.46.130.218 - - [07/Nov/2024:06:08:25 -0600] "GET /admin/modules/framework/amp_conf/htdocs/admin/config.php HTTP/1.1" 404 2806 "-" "python-requests/2.27.1"
103.19.49.222 - - [07/Nov/2024:06:08:43 -0600] "GET /favicon.png HTTP/1.1" 404 3010 "https://balldatalab.org/annotation_app" "Mozilla/5.0 (X11; Linux x86_64) AppleWebKit/537.36 (KHTML, like Gecko) Chrome/130.0.0.0 Safari/537.36"
103.19.49.222 - - [07/Nov/2024:06:08:48 -0600] "GET / HTTP/1.1" 200 2495 "-" "Mozilla/5.0 (X11; Linux x86_64) AppleWebKit/537.36 (KHTML, like Gecko) Chrome/130.0.0.0 Safari/537.36"
103.19.49.222 - - [07/Nov/2024:06:08:56 -0600] "GET /favicon.ico HTTP/1.1" 404 764 "https://balldatalab.org/" "Mozilla/5.0 (X11; Linux x86_64) AppleWebKit/537.36 (KHTML, like Gecko) Chrome/130.0.0.0 Safari/537.36"
103.19.49.222 - - [07/Nov/2024:06:09:16 -0600] "-" 408 323 "-" "-"
103.19.49.222 - - [07/Nov/2024:06:09:42 -0600] "GET /annotation_app HTTP/1.1" 200 3443 "-" "Mozilla/5.0 (X11; Linux x86_64) AppleWebKit/537.36 (KHTML, like Gecko) Chrome/130.0.0.0 Safari/537.36"
103.19.49.222 - - [07/Nov/2024:06:10:42 -0600] "GET /annotation_app/health HTTP/1.1" 200 1197 "-" "Mozilla/5.0 (X11; Linux x86_64) AppleWebKit/537.36 (KHTML, like Gecko) Chrome/130.0.0.0 Safari/537.36"
103.19.49.222 - - [07/Nov/2024:06:11:02 -0600] "-" 408 323 "-" "-"
102.42.94.28 - - [07/Nov/2024:06:14:19 -0600] "GET /annotation_app/_stcore/host-config HTTP/1.1" 200 3585 "https://www.balldatalab.org/annotation_app/" "Mozilla/5.0 (Windows NT 10.0; Win64; x64) AppleWebKit/537.36 (KHTML, like Gecko) Chrome/130.0.0.0 Safari/537.36 Edg/130.0.0.0"
102.42.94.28 - - [07/Nov/2024:06:14:19 -0600] "GET /annotation_app/_stcore/health HTTP/1.1" 200 2923 "https://www.balldatalab.org/annotation_app/" "Mozilla/5.0 (Windows NT 10.0; Win64; x64) AppleWebKit/537.36 (KHTML, like Gecko) Chrome/130.0.0.0 Safari/537.36 Edg/130.0.0.0"
102.42.94.28 - - [07/Nov/2024:06:14:39 -0600] "GET /annotation_app/ HTTP/1.1" 304 608 "https://www.upwork.com/" "Mozilla/5.0 (Windows NT 10.0; Win64; x64) AppleWebKit/537.36 (KHTML, like Gecko) Chrome/130.0.0.0 Safari/537.36 Edg/130.0.0.0"
102.42.94.28 - - [07/Nov/2024:06:14:40 -0600] "GET /annotation_app/_stcore/health HTTP/1.1" 304 302 "https://www.balldatalab.org/annotation_app/" "Mozilla/5.0 (Windows NT 10.0; Win64; x64) AppleWebKit/537.36 (KHTML, like Gecko) Chrome/130.0.0.0 Safari/537.36 Edg/130.0.0.0"
102.42.94.28 - - [07/Nov/2024:06:14:40 -0600] "GET /annotation_app/_stcore/host-config HTTP/1.1" 304 626 "https://www.balldatalab.org/annotation_app/" "Mozilla/5.0 (Windows NT 10.0; Win64; x64) AppleWebKit/537.36 (KHTML, like Gecko) Chrome/130.0.0.0 Safari/537.36 Edg/130.0.0.0"
102.42.94.28 - - [07/Nov/2024:06:14:41 -0600] "GET /annotation_app/_stcore/stream HTTP/1.1" 101 6030 "-" "Mozilla/5.0 (Windows NT 10.0; Win64; x64) AppleWebKit/537.36 (KHTML, like Gecko) Chrome/130.0.0.0 Safari/537.36 Edg/130.0.0.0"
102.42.94.28 - - [07/Nov/2024:06:14:19 -0600] "GET /annotation_app/_stcore/stream HTTP/1.1" 101 1272 "-" "Mozilla/5.0 (Windows NT 10.0; Win64; x64) AppleWebKit/537.36 (KHTML, like Gecko) Chrome/130.0.0.0 Safari/537.36 Edg/130.0.0.0"
177.93.3.83 - - [07/Nov/2024:06:14:55 -0600] "GET /annotation_app/ HTTP/1.1" 200 3444 "-" "Mozilla/5.0 (iPhone; CPU iPhone OS 16_1 like Mac OS X) AppleWebKit/605.1.15 (KHTML, like Gecko) CriOS/130.0.6723.90 Mobile/15E148 Safari/604.1"
177.93.3.83 - - [07/Nov/2024:06:14:56 -0600] "GET /annotation_app/static/media/SourceSansPro-Regular.0d69e5ff5e92ac64a0c9.woff2 HTTP/1.1" 200 78339 "https://www.balldatalab.org/annotation_app/" "Mozilla/5.0 (iPhone; CPU iPhone OS 16_1 like Mac OS X) AppleWebKit/605.1.15 (KHTML, like Gecko) CriOS/130.0.6723.90 Mobile/15E148 Safari/604.1"
177.93.3.83 - - [07/Nov/2024:06:14:56 -0600] "GET /annotation_app/static/media/SourceSansPro-SemiBold.abed79cd0df1827e18cf.woff2 HTTP/1.1" 200 80698 "https://www.balldatalab.org/annotation_app/" "Mozilla/5.0 (iPhone; CPU iPhone OS 16_1 like Mac OS X) AppleWebKit/605.1.15 (KHTML, like Gecko) CriOS/130.0.6723.90 Mobile/15E148 Safari/604.1"
177.93.3.83 - - [07/Nov/2024:06:14:56 -0600] "GET /annotation_app/static/media/SourceSansPro-Bold.118dea98980e20a81ced.woff2 HTTP/1.1" 200 80107 "https://www.balldatalab.org/annotation_app/" "Mozilla/5.0 (iPhone; CPU iPhone OS 16_1 like Mac OS X) AppleWebKit/605.1.15 (KHTML, like Gecko) CriOS/130.0.6723.90 Mobile/15E148 Safari/604.1"
177.93.3.83 - - [07/Nov/2024:06:14:56 -0600] "GET /annotation_app/static/css/main.a1bc16b2.css HTTP/1.1" 200 7953 "https://www.balldatalab.org/annotation_app/" "Mozilla/5.0 (iPhone; CPU iPhone OS 16_1 like Mac OS X) AppleWebKit/605.1.15 (KHTML, like Gecko) CriOS/130.0.6723.90 Mobile/15E148 Safari/604.1"
177.93.3.83 - - [07/Nov/2024:06:14:56 -0600] "GET /annotation_app/static/js/main.754d974e.js HTTP/1.1" 200 1036905 "https://www.balldatalab.org/annotation_app/" "Mozilla/5.0 (iPhone; CPU iPhone OS 16_1 like Mac OS X) AppleWebKit/605.1.15 (KHTML, like Gecko) CriOS/130.0.6723.90 Mobile/15E148 Safari/604.1"
177.93.3.83 - - [07/Nov/2024:06:14:57 -0600] "GET /annotation_app/favicon.png HTTP/1.1" 200 3954 "-" "Mozilla/5.0 (iPhone; CPU iPhone OS 16_1 like Mac OS X) AppleWebKit/605.1.15 (KHTML, like Gecko) CriOS/130.0.6723.90 Mobile/15E148 Safari/604.1"
103.19.49.222 - - [07/Nov/2024:06:15:58 -0600] "GET / HTTP/1.1" 200 5065 "-" "Mozilla/5.0 (X11; Linux x86_64) AppleWebKit/537.36 (KHTML, like Gecko) Chrome/130.0.0.0 Safari/537.36"
103.19.49.222 - - [07/Nov/2024:06:16:19 -0600] "-" 408 2571 "-" "-"
185.27.92.184 - - [07/Nov/2024:06:17:20 -0600] "GET / HTTP/1.1" 200 4995 "-" "Mozilla/5.0 (Windows NT 10.0; Win64; x64) AppleWebKit/537.36 (KHTML, like Gecko) Chrome/129.0.0.0 Safari/537.36"
34.34.132.221 - - [07/Nov/2024:06:28:11 -0600] "GET / HTTP/1.1" 200 5078 "-" "python-requests/2.32.3"
185.224.128.83 - - [07/Nov/2024:06:37:50 -0600] "GET /cgi-bin/luci/;stok=/locale HTTP/1.1" 404 2936 "-" "-"
66.249.79.130 - - [07/Nov/2024:06:42:50 -0600] "GET / HTTP/1.1" 200 5050 "-" "Mozilla/5.0 (Linux; Android 6.0.1; Nexus 5X Build/MMB29P) AppleWebKit/537.36 (KHTML, like Gecko) Chrome/130.0.6723.69 Mobile Safari/537.36 (compatible; Googlebot/2.1; +http://www.google.com/bot.html)"
177.93.3.96 - - [07/Nov/2024:06:51:02 -0600] "GET /favicon.ico HTTP/1.1" 404 3011 "https://www.balldatalab.org/annotation_app/" "Mozilla/5.0 (X11; Linux x86_64) AppleWebKit/537.36 (KHTML, like Gecko) Chrome/130.0.0.0 Safari/537.36"
177.93.3.96 - - [07/Nov/2024:06:51:03 -0600] "GET /annotation_app/ HTTP/1.1" 200 873 "-" "Mozilla/5.0 (X11; Linux x86_64) AppleWebKit/537.36 (KHTML, like Gecko) Chrome/130.0.0.0 Safari/537.36"
177.93.3.96 - - [07/Nov/2024:06:51:03 -0600] "GET /annotation_app/static/media/SourceSansPro-Regular.0d69e5ff5e92ac64a0c9.woff2 HTTP/1.1" 200 78339 "https://www.balldatalab.org/annotation_app/" "Mozilla/5.0 (X11; Linux x86_64) AppleWebKit/537.36 (KHTML, like Gecko) Chrome/130.0.0.0 Safari/537.36"
177.93.3.96 - - [07/Nov/2024:06:51:03 -0600] "GET /annotation_app/static/css/main.a1bc16b2.css HTTP/1.1" 200 7953 "https://www.balldatalab.org/annotation_app/" "Mozilla/5.0 (X11; Linux x86_64) AppleWebKit/537.36 (KHTML, like Gecko) Chrome/130.0.0.0 Safari/537.36"
177.93.3.96 - - [07/Nov/2024:06:51:03 -0600] "GET /annotation_app/static/media/SourceSansPro-SemiBold.abed79cd0df1827e18cf.woff2 HTTP/1.1" 200 78127 "https://www.balldatalab.org/annotation_app/" "Mozilla/5.0 (X11; Linux x86_64) AppleWebKit/537.36 (KHTML, like Gecko) Chrome/130.0.0.0 Safari/537.36"
177.93.3.96 - - [07/Nov/2024:06:51:03 -0600] "GET /annotation_app/static/media/SourceSansPro-Bold.118dea98980e20a81ced.woff2 HTTP/1.1" 200 80084 "https://www.balldatalab.org/annotation_app/" "Mozilla/5.0 (X11; Linux x86_64) AppleWebKit/537.36 (KHTML, like Gecko) Chrome/130.0.0.0 Safari/537.36"
177.93.3.96 - - [07/Nov/2024:06:51:03 -0600] "GET /annotation_app/static/js/main.754d974e.js HTTP/1.1" 200 1034658 "https://www.balldatalab.org/annotation_app/" "Mozilla/5.0 (X11; Linux x86_64) AppleWebKit/537.36 (KHTML, like Gecko) Chrome/130.0.0.0 Safari/537.36"
177.93.3.96 - - [07/Nov/2024:06:51:04 -0600] "GET /annotation_app/_stcore/host-config HTTP/1.1" 200 1014 "https://www.balldatalab.org/annotation_app/" "Mozilla/5.0 (X11; Linux x86_64) AppleWebKit/537.36 (KHTML, like Gecko) Chrome/130.0.0.0 Safari/537.36"
177.93.3.96 - - [07/Nov/2024:06:51:04 -0600] "GET /annotation_app/_stcore/health HTTP/1.1" 200 353 "https://www.balldatalab.org/annotation_app/" "Mozilla/5.0 (X11; Linux x86_64) AppleWebKit/537.36 (KHTML, like Gecko) Chrome/130.0.0.0 Safari/537.36"
177.93.3.96 - - [07/Nov/2024:06:51:05 -0600] "GET /annotation_app/static/js/8648.92079acf.chunk.js HTTP/1.1" 200 6420 "https://www.balldatalab.org/annotation_app/" "Mozilla/5.0 (X11; Linux x86_64) AppleWebKit/537.36 (KHTML, like Gecko) Chrome/130.0.0.0 Safari/537.36"
177.93.3.96 - - [07/Nov/2024:06:51:05 -0600] "GET /annotation_app/static/js/1260.f4b7cd39.chunk.js HTTP/1.1" 200 4798 "https://www.balldatalab.org/annotation_app/" "Mozilla/5.0 (X11; Linux x86_64) AppleWebKit/537.36 (KHTML, like Gecko) Chrome/130.0.0.0 Safari/537.36"
177.93.3.96 - - [07/Nov/2024:06:51:05 -0600] "GET /annotation_app/static/js/84.414fa87b.chunk.js HTTP/1.1" 200 845 "https://www.balldatalab.org/annotation_app/" "Mozilla/5.0 (X11; Linux x86_64) AppleWebKit/537.36 (KHTML, like Gecko) Chrome/130.0.0.0 Safari/537.36"
177.93.3.96 - - [07/Nov/2024:06:51:23 -0600] "-" 408 323 "-" "-"
177.93.3.96 - - [07/Nov/2024:06:53:25 -0600] "GET /_stcore/health HTTP/1.1" 404 3012 "https://www.balldatalab.org/annotation_app/" "Mozilla/5.0 (X11; Linux x86_64) AppleWebKit/537.36 (KHTML, like Gecko) Chrome/130.0.0.0 Safari/537.36"
177.93.3.96 - - [07/Nov/2024:06:53:25 -0600] "GET /_stcore/host-config HTTP/1.1" 404 3010 "https://www.balldatalab.org/annotation_app/" "Mozilla/5.0 (X11; Linux x86_64) AppleWebKit/537.36 (KHTML, like Gecko) Chrome/130.0.0.0 Safari/537.36"
177.93.3.96 - - [07/Nov/2024:06:53:27 -0600] "GET /annotation_app/_stcore/host-config HTTP/1.1" 304 302 "https://www.balldatalab.org/annotation_app/" "Mozilla/5.0 (X11; Linux x86_64) AppleWebKit/537.36 (KHTML, like Gecko) Chrome/130.0.0.0 Safari/537.36"
177.93.3.96 - - [07/Nov/2024:06:53:27 -0600] "GET /annotation_app/_stcore/health HTTP/1.1" 304 302 "https://www.balldatalab.org/annotation_app/" "Mozilla/5.0 (X11; Linux x86_64) AppleWebKit/537.36 (KHTML, like Gecko) Chrome/130.0.0.0 Safari/537.36"
177.93.3.96 - - [07/Nov/2024:06:53:27 -0600] "GET /annotation_app/ HTTP/1.1" 304 284 "-" "Mozilla/5.0 (X11; Linux x86_64) AppleWebKit/537.36 (KHTML, like Gecko) Chrome/130.0.0.0 Safari/537.36"
177.93.3.96 - - [07/Nov/2024:06:53:27 -0600] "GET /annotation_app/_stcore/stream HTTP/1.1" 101 624 "-" "Mozilla/5.0 (X11; Linux x86_64) AppleWebKit/537.36 (KHTML, like Gecko) Chrome/130.0.0.0 Safari/537.36"
177.93.3.96 - - [07/Nov/2024:06:53:28 -0600] "GET /annotation_app/_stcore/host-config HTTP/1.1" 304 302 "https://www.balldatalab.org/annotation_app/" "Mozilla/5.0 (X11; Linux x86_64) AppleWebKit/537.36 (KHTML, like Gecko) Chrome/130.0.0.0 Safari/537.36"
177.93.3.96 - - [07/Nov/2024:06:53:28 -0600] "GET /annotation_app/_stcore/health HTTP/1.1" 304 302 "https://www.balldatalab.org/annotation_app/" "Mozilla/5.0 (X11; Linux x86_64) AppleWebKit/537.36 (KHTML, like Gecko) Chrome/130.0.0.0 Safari/537.36"
177.93.3.96 - - [07/Nov/2024:06:53:28 -0600] "GET /annotation_app/favicon.png HTTP/1.1" 200 1384 "https://www.balldatalab.org/annotation_app/" "Mozilla/5.0 (X11; Linux x86_64) AppleWebKit/537.36 (KHTML, like Gecko) Chrome/130.0.0.0 Safari/537.36"
177.93.3.96 - - [07/Nov/2024:06:55:04 -0600] "GET /_stcore/host-config HTTP/1.1" 404 3012 "https://www.balldatalab.org/annotation_app/" "Mozilla/5.0 (X11; Linux x86_64) AppleWebKit/537.36 (KHTML, like Gecko) Chrome/130.0.0.0 Safari/537.36"
177.93.3.96 - - [07/Nov/2024:06:55:04 -0600] "GET /_stcore/health HTTP/1.1" 404 3011 "https://www.balldatalab.org/annotation_app/" "Mozilla/5.0 (X11; Linux x86_64) AppleWebKit/537.36 (KHTML, like Gecko) Chrome/130.0.0.0 Safari/537.36"
177.93.3.96 - - [07/Nov/2024:06:55:06 -0600] "GET /annotation_app/_stcore/host-config HTTP/1.1" 304 302 "https://www.balldatalab.org/annotation_app/" "Mozilla/5.0 (X11; Linux x86_64) AppleWebKit/537.36 (KHTML, like Gecko) Chrome/130.0.0.0 Safari/537.36"
177.93.3.96 - - [07/Nov/2024:06:55:06 -0600] "GET /annotation_app/_stcore/health HTTP/1.1" 304 302 "https://www.balldatalab.org/annotation_app/" "Mozilla/5.0 (X11; Linux x86_64) AppleWebKit/537.36 (KHTML, like Gecko) Chrome/130.0.0.0 Safari/537.36"
177.93.3.96 - - [07/Nov/2024:06:55:08 -0600] "GET /annotation_app/ HTTP/1.1" 304 284 "-" "Mozilla/5.0 (X11; Linux x86_64) AppleWebKit/537.36 (KHTML, like Gecko) Chrome/130.0.0.0 Safari/537.36"
177.93.3.96 - - [07/Nov/2024:06:55:06 -0600] "GET /annotation_app/_stcore/stream HTTP/1.1" 101 648 "-" "Mozilla/5.0 (X11; Linux x86_64) AppleWebKit/537.36 (KHTML, like Gecko) Chrome/130.0.0.0 Safari/537.36"
177.93.3.96 - - [07/Nov/2024:06:55:08 -0600] "GET /annotation_app/_stcore/host-config HTTP/1.1" 304 302 "https://www.balldatalab.org/annotation_app/" "Mozilla/5.0 (X11; Linux x86_64) AppleWebKit/537.36 (KHTML, like Gecko) Chrome/130.0.0.0 Safari/537.36"
177.93.3.96 - - [07/Nov/2024:06:55:08 -0600] "GET /annotation_app/_stcore/health HTTP/1.1" 304 302 "https://www.balldatalab.org/annotation_app/" "Mozilla/5.0 (X11; Linux x86_64) AppleWebKit/537.36 (KHTML, like Gecko) Chrome/130.0.0.0 Safari/537.36"
177.93.3.96 - - [07/Nov/2024:06:55:23 -0600] "GET / HTTP/1.1" 200 2819 "-" "Mozilla/5.0 (X11; Linux x86_64) AppleWebKit/537.36 (KHTML, like Gecko) Chrome/130.0.0.0 Safari/537.36"
177.93.3.96 - - [07/Nov/2024:06:55:08 -0600] "GET /annotation_app/_stcore/stream HTTP/1.1" 101 10105 "-" "Mozilla/5.0 (X11; Linux x86_64) AppleWebKit/537.36 (KHTML, like Gecko) Chrome/130.0.0.0 Safari/537.36"
102.42.94.28 - - [07/Nov/2024:06:58:19 -0600] "GET /annotation_app/ HTTP/1.1" 304 2855 "https://www.upwork.com/" "Mozilla/5.0 (Windows NT 10.0; Win64; x64) AppleWebKit/537.36 (KHTML, like Gecko) Chrome/130.0.0.0 Safari/537.36 Edg/130.0.0.0"
102.42.94.28 - - [07/Nov/2024:06:58:19 -0600] "GET /annotation_app/static/media/SourceSansPro-Regular.0d69e5ff5e92ac64a0c9.woff2 HTTP/1.1" 304 282 "https://www.balldatalab.org/annotation_app/" "Mozilla/5.0 (Windows NT 10.0; Win64; x64) AppleWebKit/537.36 (KHTML, like Gecko) Chrome/130.0.0.0 Safari/537.36 Edg/130.0.0.0"
102.42.94.28 - - [07/Nov/2024:06:58:19 -0600] "GET /annotation_app/static/media/SourceSansPro-SemiBold.abed79cd0df1827e18cf.woff2 HTTP/1.1" 304 2852 "https://www.balldatalab.org/annotation_app/" "Mozilla/5.0 (Windows NT 10.0; Win64; x64) AppleWebKit/537.36 (KHTML, like Gecko) Chrome/130.0.0.0 Safari/537.36 Edg/130.0.0.0"
102.42.94.28 - - [07/Nov/2024:06:58:19 -0600] "GET /annotation_app/static/css/main.a1bc16b2.css HTTP/1.1" 304 282 "https://www.balldatalab.org/annotation_app/" "Mozilla/5.0 (Windows NT 10.0; Win64; x64) AppleWebKit/537.36 (KHTML, like Gecko) Chrome/130.0.0.0 Safari/537.36 Edg/130.0.0.0"
102.42.94.28 - - [07/Nov/2024:06:58:19 -0600] "GET /annotation_app/static/media/SourceSansPro-Bold.118dea98980e20a81ced.woff2 HTTP/1.1" 304 282 "https://www.balldatalab.org/annotation_app/" "Mozilla/5.0 (Windows NT 10.0; Win64; x64) AppleWebKit/537.36 (KHTML, like Gecko) Chrome/130.0.0.0 Safari/537.36 Edg/130.0.0.0"
102.42.94.28 - - [07/Nov/2024:06:58:19 -0600] "GET /annotation_app/static/js/main.754d974e.js HTTP/1.1" 304 282 "https://www.balldatalab.org/annotation_app/" "Mozilla/5.0 (Windows NT 10.0; Win64; x64) AppleWebKit/537.36 (KHTML, like Gecko) Chrome/130.0.0.0 Safari/537.36 Edg/130.0.0.0"
102.42.94.28 - - [07/Nov/2024:06:58:20 -0600] "GET /annotation_app/_stcore/health HTTP/1.1" 304 302 "https://www.balldatalab.org/annotation_app/" "Mozilla/5.0 (Windows NT 10.0; Win64; x64) AppleWebKit/537.36 (KHTML, like Gecko) Chrome/130.0.0.0 Safari/537.36 Edg/130.0.0.0"
102.42.94.28 - - [07/Nov/2024:06:58:20 -0600] "GET /annotation_app/_stcore/host-config HTTP/1.1" 304 302 "https://www.balldatalab.org/annotation_app/" "Mozilla/5.0 (Windows NT 10.0; Win64; x64) AppleWebKit/537.36 (KHTML, like Gecko) Chrome/130.0.0.0 Safari/537.36 Edg/130.0.0.0"
102.42.94.28 - - [07/Nov/2024:06:58:20 -0600] "GET /annotation_app/favicon.png HTTP/1.1" 304 606 "https://www.balldatalab.org/annotation_app/" "Mozilla/5.0 (Windows NT 10.0; Win64; x64) AppleWebKit/537.36 (KHTML, like Gecko) Chrome/130.0.0.0 Safari/537.36 Edg/130.0.0.0"
102.42.94.28 - - [07/Nov/2024:06:58:21 -0600] "GET /annotation_app/static/js/8648.92079acf.chunk.js HTTP/1.1" 304 282 "https://www.balldatalab.org/annotation_app/" "Mozilla/5.0 (Windows NT 10.0; Win64; x64) AppleWebKit/537.36 (KHTML, like Gecko) Chrome/130.0.0.0 Safari/537.36 Edg/130.0.0.0"
102.42.94.28 - - [07/Nov/2024:06:58:21 -0600] "GET /annotation_app/static/js/1260.f4b7cd39.chunk.js HTTP/1.1" 304 282 "https://www.balldatalab.org/annotation_app/" "Mozilla/5.0 (Windows NT 10.0; Win64; x64) AppleWebKit/537.36 (KHTML, like Gecko) Chrome/130.0.0.0 Safari/537.36 Edg/130.0.0.0"
102.42.94.28 - - [07/Nov/2024:06:58:21 -0600] "GET /annotation_app/static/js/84.414fa87b.chunk.js HTTP/1.1" 304 282 "https://www.balldatalab.org/annotation_app/" "Mozilla/5.0 (Windows NT 10.0; Win64; x64) AppleWebKit/537.36 (KHTML, like Gecko) Chrome/130.0.0.0 Safari/537.36 Edg/130.0.0.0"
102.42.94.28 - - [07/Nov/2024:06:58:39 -0600] "-" 408 323 "-" "-"
102.42.94.28 - - [07/Nov/2024:06:58:39 -0600] "-" 408 2570 "-" "-"
102.42.94.28 - - [07/Nov/2024:07:00:20 -0600] "-" 408 323 "-" "-"
102.42.94.28 - - [07/Nov/2024:07:00:20 -0600] "-" 408 323 "-" "-"
102.42.94.28 - - [07/Nov/2024:07:03:34 -0600] "-" 408 323 "-" "-"
102.42.94.28 - - [07/Nov/2024:07:03:34 -0600] "-" 408 323 "-" "-"
102.42.94.28 - - [07/Nov/2024:07:04:17 -0600] "-" 408 323 "-" "-"
102.42.94.28 - - [07/Nov/2024:07:04:17 -0600] "-" 408 323 "-" "-"
185.217.69.152 - - [07/Nov/2024:07:05:04 -0600] "GET /annotation_app/_stcore/host-config HTTP/1.1" 304 2873 "https://www.balldatalab.org/annotation_app/" "Mozilla/5.0 (X11; Linux x86_64) AppleWebKit/537.36 (KHTML, like Gecko) Chrome/130.0.0.0 Safari/537.36"
185.217.69.152 - - [07/Nov/2024:07:05:04 -0600] "GET /annotation_app/_stcore/health HTTP/1.1" 304 2874 "https://www.balldatalab.org/annotation_app/" "Mozilla/5.0 (X11; Linux x86_64) AppleWebKit/537.36 (KHTML, like Gecko) Chrome/130.0.0.0 Safari/537.36"
102.42.94.28 - - [07/Nov/2024:07:05:27 -0600] "-" 408 323 "-" "-"
102.42.94.28 - - [07/Nov/2024:07:05:27 -0600] "-" 408 323 "-" "-"
102.42.94.28 - - [07/Nov/2024:07:06:00 -0600] "-" 408 323 "-" "-"
102.42.94.28 - - [07/Nov/2024:07:06:00 -0600] "-" 408 323 "-" "-"
52.160.33.133 - - [07/Nov/2024:07:07:57 -0600] "GET /owa/auth/logon.aspx HTTP/1.1" 404 2750 "-" "Mozilla/5.0 zgrab/0.x"
102.42.94.28 - - [07/Nov/2024:07:13:19 -0600] "GET /annotation_app/_stcore/health HTTP/1.1" 304 2872 "https://www.balldatalab.org/annotation_app/" "Mozilla/5.0 (Windows NT 10.0; Win64; x64) AppleWebKit/537.36 (KHTML, like Gecko) Chrome/130.0.0.0 Safari/537.36 Edg/130.0.0.0"
102.42.94.28 - - [07/Nov/2024:07:13:19 -0600] "GET /annotation_app/_stcore/host-config HTTP/1.1" 304 2873 "https://www.balldatalab.org/annotation_app/" "Mozilla/5.0 (Windows NT 10.0; Win64; x64) AppleWebKit/537.36 (KHTML, like Gecko) Chrome/130.0.0.0 Safari/537.36 Edg/130.0.0.0"
185.217.69.152 - - [07/Nov/2024:07:13:19 -0600] "GET /annotation_app/_stcore/health HTTP/1.1" 304 2873 "https://www.balldatalab.org/annotation_app/" "Mozilla/5.0 (X11; Linux x86_64) AppleWebKit/537.36 (KHTML, like Gecko) Chrome/130.0.0.0 Safari/537.36"
185.217.69.152 - - [07/Nov/2024:07:13:19 -0600] "GET /annotation_app/_stcore/host-config HTTP/1.1" 304 2872 "https://www.balldatalab.org/annotation_app/" "Mozilla/5.0 (X11; Linux x86_64) AppleWebKit/537.36 (KHTML, like Gecko) Chrome/130.0.0.0 Safari/537.36"
185.217.69.152 - - [07/Nov/2024:07:13:28 -0600] "GET /annotation_app/ HTTP/1.1" 304 608 "-" "Mozilla/5.0 (X11; Linux x86_64) AppleWebKit/537.36 (KHTML, like Gecko) Chrome/130.0.0.0 Safari/537.36"
185.217.69.152 - - [07/Nov/2024:07:13:20 -0600] "GET /annotation_app/_stcore/stream HTTP/1.1" 101 816 "-" "Mozilla/5.0 (X11; Linux x86_64) AppleWebKit/537.36 (KHTML, like Gecko) Chrome/130.0.0.0 Safari/537.36"
185.217.69.152 - - [07/Nov/2024:07:13:29 -0600] "GET /annotation_app/_stcore/health HTTP/1.1" 304 302 "https://www.balldatalab.org/annotation_app/" "Mozilla/5.0 (X11; Linux x86_64) AppleWebKit/537.36 (KHTML, like Gecko) Chrome/130.0.0.0 Safari/537.36"
185.217.69.152 - - [07/Nov/2024:07:13:29 -0600] "GET /annotation_app/_stcore/host-config HTTP/1.1" 304 626 "https://www.balldatalab.org/annotation_app/" "Mozilla/5.0 (X11; Linux x86_64) AppleWebKit/537.36 (KHTML, like Gecko) Chrome/130.0.0.0 Safari/537.36"
185.217.69.152 - - [07/Nov/2024:07:13:32 -0600] "GET /annotation_app/ HTTP/1.1" 304 284 "-" "Mozilla/5.0 (X11; Linux x86_64) AppleWebKit/537.36 (KHTML, like Gecko) Chrome/130.0.0.0 Safari/537.36"
185.217.69.152 - - [07/Nov/2024:07:13:30 -0600] "GET /annotation_app/_stcore/stream HTTP/1.1" 101 6027 "-" "Mozilla/5.0 (X11; Linux x86_64) AppleWebKit/537.36 (KHTML, like Gecko) Chrome/130.0.0.0 Safari/537.36"
185.217.69.152 - - [07/Nov/2024:07:13:33 -0600] "GET /annotation_app/_stcore/health HTTP/1.1" 304 302 "https://www.balldatalab.org/annotation_app/" "Mozilla/5.0 (X11; Linux x86_64) AppleWebKit/537.36 (KHTML, like Gecko) Chrome/130.0.0.0 Safari/537.36"
185.217.69.152 - - [07/Nov/2024:07:13:33 -0600] "GET /annotation_app/_stcore/host-config HTTP/1.1" 304 302 "https://www.balldatalab.org/annotation_app/" "Mozilla/5.0 (X11; Linux x86_64) AppleWebKit/537.36 (KHTML, like Gecko) Chrome/130.0.0.0 Safari/537.36"
102.42.94.28 - - [07/Nov/2024:07:13:39 -0600] "-" 408 2571 "-" "-"
34.212.172.246 - - [07/Nov/2024:07:14:23 -0600] "GET / HTTP/1.1" 200 5082 "-" "Mozilla/5.0 (Windows NT 10.0; Win64; x64)AppleWebKit/537.36 (KHTML, like Gecko) Chrome/66.0.3359.181 Safari/537.36"
102.42.94.28 - - [07/Nov/2024:07:16:27 -0600] "-" 408 323 "-" "-"
102.42.94.28 - - [07/Nov/2024:07:16:27 -0600] "-" 408 323 "-" "-"
102.42.94.28 - - [07/Nov/2024:07:18:45 -0600] "GET /annotation_app/ HTTP/1.1" 304 608 "https://www.upwork.com/" "Mozilla/5.0 (Windows NT 10.0; Win64; x64) AppleWebKit/537.36 (KHTML, like Gecko) Chrome/130.0.0.0 Safari/537.36 Edg/130.0.0.0"
102.42.94.28 - - [07/Nov/2024:07:18:46 -0600] "GET /annotation_app/_stcore/health HTTP/1.1" 304 302 "https://www.balldatalab.org/annotation_app/" "Mozilla/5.0 (Windows NT 10.0; Win64; x64) AppleWebKit/537.36 (KHTML, like Gecko) Chrome/130.0.0.0 Safari/537.36 Edg/130.0.0.0"
102.42.94.28 - - [07/Nov/2024:07:18:46 -0600] "GET /annotation_app/_stcore/host-config HTTP/1.1" 304 626 "https://www.balldatalab.org/annotation_app/" "Mozilla/5.0 (Windows NT 10.0; Win64; x64) AppleWebKit/537.36 (KHTML, like Gecko) Chrome/130.0.0.0 Safari/537.36 Edg/130.0.0.0"
102.42.94.28 - - [07/Nov/2024:07:13:19 -0600] "GET /annotation_app/_stcore/stream HTTP/1.1" 101 8902 "-" "Mozilla/5.0 (Windows NT 10.0; Win64; x64) AppleWebKit/537.36 (KHTML, like Gecko) Chrome/130.0.0.0 Safari/537.36 Edg/130.0.0.0"
102.42.94.28 - - [07/Nov/2024:07:18:46 -0600] "GET /annotation_app/_stcore/stream HTTP/1.1" 101 6606 "-" "Mozilla/5.0 (Windows NT 10.0; Win64; x64) AppleWebKit/537.36 (KHTML, like Gecko) Chrome/130.0.0.0 Safari/537.36 Edg/130.0.0.0"
102.42.94.28 - - [07/Nov/2024:07:19:06 -0600] "GET /annotation_app/_stcore/health HTTP/1.1" 503 920 "https://www.balldatalab.org/annotation_app/" "Mozilla/5.0 (Windows NT 10.0; Win64; x64) AppleWebKit/537.36 (KHTML, like Gecko) Chrome/130.0.0.0 Safari/537.36 Edg/130.0.0.0"
102.42.94.28 - - [07/Nov/2024:07:19:06 -0600] "GET /annotation_app/_stcore/host-config HTTP/1.1" 503 920 "https://www.balldatalab.org/annotation_app/" "Mozilla/5.0 (Windows NT 10.0; Win64; x64) AppleWebKit/537.36 (KHTML, like Gecko) Chrome/130.0.0.0 Safari/537.36 Edg/130.0.0.0"
102.42.94.28 - - [07/Nov/2024:07:19:08 -0600] "GET /_stcore/health HTTP/1.1" 404 764 "https://www.balldatalab.org/annotation_app/" "Mozilla/5.0 (Windows NT 10.0; Win64; x64) AppleWebKit/537.36 (KHTML, like Gecko) Chrome/130.0.0.0 Safari/537.36 Edg/130.0.0.0"
102.42.94.28 - - [07/Nov/2024:07:19:09 -0600] "GET /_stcore/host-config HTTP/1.1" 404 764 "https://www.balldatalab.org/annotation_app/" "Mozilla/5.0 (Windows NT 10.0; Win64; x64) AppleWebKit/537.36 (KHTML, like Gecko) Chrome/130.0.0.0 Safari/537.36 Edg/130.0.0.0"
185.217.69.152 - - [07/Nov/2024:07:19:08 -0600] "GET /annotation_app/_stcore/health HTTP/1.1" 200 4469 "https://www.balldatalab.org/annotation_app/" "Mozilla/5.0 (X11; Linux x86_64) AppleWebKit/537.36 (KHTML, like Gecko) Chrome/130.0.0.0 Safari/537.36"
102.42.94.28 - - [07/Nov/2024:07:19:08 -0600] "GET /annotation_app/_stcore/health HTTP/1.1" 200 4471 "https://www.balldatalab.org/annotation_app/" "Mozilla/5.0 (Windows NT 10.0; Win64; x64) AppleWebKit/537.36 (KHTML, like Gecko) Chrome/130.0.0.0 Safari/537.36 Edg/130.0.0.0"
185.217.69.152 - - [07/Nov/2024:07:19:08 -0600] "GET /annotation_app/_stcore/host-config HTTP/1.1" 200 4470 "https://www.balldatalab.org/annotation_app/" "Mozilla/5.0 (X11; Linux x86_64) AppleWebKit/537.36 (KHTML, like Gecko) Chrome/130.0.0.0 Safari/537.36"
102.42.94.28 - - [07/Nov/2024:07:19:08 -0600] "GET /annotation_app/_stcore/host-config HTTP/1.1" 200 4469 "https://www.balldatalab.org/annotation_app/" "Mozilla/5.0 (Windows NT 10.0; Win64; x64) AppleWebKit/537.36 (KHTML, like Gecko) Chrome/130.0.0.0 Safari/537.36 Edg/130.0.0.0"
102.42.94.28 - - [07/Nov/2024:07:19:10 -0600] "GET /annotation_app/_stcore/stream HTTP/1.1" 400 689 "-" "Mozilla/5.0 (Windows NT 10.0; Win64; x64) AppleWebKit/537.36 (KHTML, like Gecko) Chrome/130.0.0.0 Safari/537.36 Edg/130.0.0.0"
102.42.94.28 - - [07/Nov/2024:07:19:10 -0600] "GET /annotation_app/ HTTP/1.1" 404 440 "https://www.upwork.com/" "Mozilla/5.0 (Windows NT 10.0; Win64; x64) AppleWebKit/537.36 (KHTML, like Gecko) Chrome/130.0.0.0 Safari/537.36 Edg/130.0.0.0"
102.42.94.28 - - [07/Nov/2024:07:19:10 -0600] "GET /annotation_app/_stcore/health HTTP/1.1" 200 1899 "https://www.balldatalab.org/annotation_app/" "Mozilla/5.0 (Windows NT 10.0; Win64; x64) AppleWebKit/537.36 (KHTML, like Gecko) Chrome/130.0.0.0 Safari/537.36 Edg/130.0.0.0"
102.42.94.28 - - [07/Nov/2024:07:19:10 -0600] "GET /annotation_app/_stcore/host-config HTTP/1.1" 200 1899 "https://www.balldatalab.org/annotation_app/" "Mozilla/5.0 (Windows NT 10.0; Win64; x64) AppleWebKit/537.36 (KHTML, like Gecko) Chrome/130.0.0.0 Safari/537.36 Edg/130.0.0.0"
102.42.94.28 - - [07/Nov/2024:07:19:11 -0600] "GET /annotation_app/_stcore/health HTTP/1.1" 200 1899 "https://www.balldatalab.org/annotation_app/" "Mozilla/5.0 (Windows NT 10.0; Win64; x64) AppleWebKit/537.36 (KHTML, like Gecko) Chrome/130.0.0.0 Safari/537.36 Edg/130.0.0.0"
102.42.94.28 - - [07/Nov/2024:07:19:11 -0600] "GET /annotation_app/_stcore/host-config HTTP/1.1" 200 1899 "https://www.balldatalab.org/annotation_app/" "Mozilla/5.0 (Windows NT 10.0; Win64; x64) AppleWebKit/537.36 (KHTML, like Gecko) Chrome/130.0.0.0 Safari/537.36 Edg/130.0.0.0"
102.42.94.28 - - [07/Nov/2024:07:19:11 -0600] "GET /annotation_app/_stcore/stream HTTP/1.1" 400 689 "-" "Mozilla/5.0 (Windows NT 10.0; Win64; x64) AppleWebKit/537.36 (KHTML, like Gecko) Chrome/130.0.0.0 Safari/537.36 Edg/130.0.0.0"
102.42.94.28 - - [07/Nov/2024:07:19:12 -0600] "GET /annotation_app/_stcore/health HTTP/1.1" 200 1899 "https://www.balldatalab.org/annotation_app/" "Mozilla/5.0 (Windows NT 10.0; Win64; x64) AppleWebKit/537.36 (KHTML, like Gecko) Chrome/130.0.0.0 Safari/537.36 Edg/130.0.0.0"
102.42.94.28 - - [07/Nov/2024:07:19:12 -0600] "GET /annotation_app/_stcore/host-config HTTP/1.1" 200 1899 "https://www.balldatalab.org/annotation_app/" "Mozilla/5.0 (Windows NT 10.0; Win64; x64) AppleWebKit/537.36 (KHTML, like Gecko) Chrome/130.0.0.0 Safari/537.36 Edg/130.0.0.0"
185.217.69.152 - - [07/Nov/2024:07:19:12 -0600] "GET /annotation_app/_stcore/stream HTTP/1.1" 400 689 "-" "Mozilla/5.0 (X11; Linux x86_64) AppleWebKit/537.36 (KHTML, like Gecko) Chrome/130.0.0.0 Safari/537.36"
102.42.94.28 - - [07/Nov/2024:07:19:12 -0600] "GET /annotation_app/_stcore/stream HTTP/1.1" 400 689 "-" "Mozilla/5.0 (Windows NT 10.0; Win64; x64) AppleWebKit/537.36 (KHTML, like Gecko) Chrome/130.0.0.0 Safari/537.36 Edg/130.0.0.0"
102.42.94.28 - - [07/Nov/2024:07:19:12 -0600] "GET /annotation_app/_stcore/health HTTP/1.1" 200 1899 "https://www.balldatalab.org/annotation_app/" "Mozilla/5.0 (Windows NT 10.0; Win64; x64) AppleWebKit/537.36 (KHTML, like Gecko) Chrome/130.0.0.0 Safari/537.36 Edg/130.0.0.0"
102.42.94.28 - - [07/Nov/2024:07:19:12 -0600] "GET /annotation_app/_stcore/host-config HTTP/1.1" 200 1899 "https://www.balldatalab.org/annotation_app/" "Mozilla/5.0 (Windows NT 10.0; Win64; x64) AppleWebKit/537.36 (KHTML, like Gecko) Chrome/130.0.0.0 Safari/537.36 Edg/130.0.0.0"
185.217.69.152 - - [07/Nov/2024:07:19:12 -0600] "GET /annotation_app/_stcore/health HTTP/1.1" 200 1899 "https://www.balldatalab.org/annotation_app/" "Mozilla/5.0 (X11; Linux x86_64) AppleWebKit/537.36 (KHTML, like Gecko) Chrome/130.0.0.0 Safari/537.36"
185.217.69.152 - - [07/Nov/2024:07:19:12 -0600] "GET /annotation_app/_stcore/host-config HTTP/1.1" 200 1899 "https://www.balldatalab.org/annotation_app/" "Mozilla/5.0 (X11; Linux x86_64) AppleWebKit/537.36 (KHTML, like Gecko) Chrome/130.0.0.0 Safari/537.36"
102.42.94.28 - - [07/Nov/2024:07:19:13 -0600] "GET /annotation_app/_stcore/stream HTTP/1.1" 400 689 "-" "Mozilla/5.0 (Windows NT 10.0; Win64; x64) AppleWebKit/537.36 (KHTML, like Gecko) Chrome/130.0.0.0 Safari/537.36 Edg/130.0.0.0"
102.42.94.28 - - [07/Nov/2024:07:19:13 -0600] "GET /annotation_app/_stcore/health HTTP/1.1" 200 1899 "https://www.balldatalab.org/annotation_app/" "Mozilla/5.0 (Windows NT 10.0; Win64; x64) AppleWebKit/537.36 (KHTML, like Gecko) Chrome/130.0.0.0 Safari/537.36 Edg/130.0.0.0"
102.42.94.28 - - [07/Nov/2024:07:19:13 -0600] "GET /annotation_app/_stcore/host-config HTTP/1.1" 200 1899 "https://www.balldatalab.org/annotation_app/" "Mozilla/5.0 (Windows NT 10.0; Win64; x64) AppleWebKit/537.36 (KHTML, like Gecko) Chrome/130.0.0.0 Safari/537.36 Edg/130.0.0.0"
102.42.94.28 - - [07/Nov/2024:07:19:13 -0600] "GET /annotation_app/_stcore/stream HTTP/1.1" 400 689 "-" "Mozilla/5.0 (Windows NT 10.0; Win64; x64) AppleWebKit/537.36 (KHTML, like Gecko) Chrome/130.0.0.0 Safari/537.36 Edg/130.0.0.0"
185.217.69.152 - - [07/Nov/2024:07:19:13 -0600] "GET /annotation_app/_stcore/stream HTTP/1.1" 400 689 "-" "Mozilla/5.0 (X11; Linux x86_64) AppleWebKit/537.36 (KHTML, like Gecko) Chrome/130.0.0.0 Safari/537.36"
102.42.94.28 - - [07/Nov/2024:07:19:13 -0600] "GET /annotation_app/_stcore/health HTTP/1.1" 200 1899 "https://www.balldatalab.org/annotation_app/" "Mozilla/5.0 (Windows NT 10.0; Win64; x64) AppleWebKit/537.36 (KHTML, like Gecko) Chrome/130.0.0.0 Safari/537.36 Edg/130.0.0.0"
102.42.94.28 - - [07/Nov/2024:07:19:13 -0600] "GET /annotation_app/_stcore/host-config HTTP/1.1" 200 1899 "https://www.balldatalab.org/annotation_app/" "Mozilla/5.0 (Windows NT 10.0; Win64; x64) AppleWebKit/537.36 (KHTML, like Gecko) Chrome/130.0.0.0 Safari/537.36 Edg/130.0.0.0"
102.42.94.28 - - [07/Nov/2024:07:19:14 -0600] "GET /annotation_app/_stcore/stream HTTP/1.1" 400 689 "-" "Mozilla/5.0 (Windows NT 10.0; Win64; x64) AppleWebKit/537.36 (KHTML, like Gecko) Chrome/130.0.0.0 Safari/537.36 Edg/130.0.0.0"
185.217.69.152 - - [07/Nov/2024:07:19:14 -0600] "GET /annotation_app/_stcore/host-config HTTP/1.1" 200 1899 "https://www.balldatalab.org/annotation_app/" "Mozilla/5.0 (X11; Linux x86_64) AppleWebKit/537.36 (KHTML, like Gecko) Chrome/130.0.0.0 Safari/537.36"
185.217.69.152 - - [07/Nov/2024:07:19:14 -0600] "GET /annotation_app/_stcore/health HTTP/1.1" 200 1899 "https://www.balldatalab.org/annotation_app/" "Mozilla/5.0 (X11; Linux x86_64) AppleWebKit/537.36 (KHTML, like Gecko) Chrome/130.0.0.0 Safari/537.36"
102.42.94.28 - - [07/Nov/2024:07:19:14 -0600] "GET /annotation_app/_stcore/health HTTP/1.1" 200 1899 "https://www.balldatalab.org/annotation_app/" "Mozilla/5.0 (Windows NT 10.0; Win64; x64) AppleWebKit/537.36 (KHTML, like Gecko) Chrome/130.0.0.0 Safari/537.36 Edg/130.0.0.0"
102.42.94.28 - - [07/Nov/2024:07:19:14 -0600] "GET /annotation_app/_stcore/host-config HTTP/1.1" 200 1899 "https://www.balldatalab.org/annotation_app/" "Mozilla/5.0 (Windows NT 10.0; Win64; x64) AppleWebKit/537.36 (KHTML, like Gecko) Chrome/130.0.0.0 Safari/537.36 Edg/130.0.0.0"
102.42.94.28 - - [07/Nov/2024:07:19:15 -0600] "GET /annotation_app/_stcore/stream HTTP/1.1" 400 689 "-" "Mozilla/5.0 (Windows NT 10.0; Win64; x64) AppleWebKit/537.36 (KHTML, like Gecko) Chrome/130.0.0.0 Safari/537.36 Edg/130.0.0.0"
